// Jest Snapshot v1, https://goo.gl/fbAQLP

exports[`LoginForm should render correctly 1`] = `
<Container
  className="login-wrapper"
  fluid={true}
>
  <Row
    className="vh-100"
    noGutters={false}
  >
    <Col
      className="left d-flex flex-column justify-content-center align-items-center"
      md={4}
      sm={12}
      xs={12}
    >
      <div
        className="left-mobile-title-wrapper mb-4"
      >
        <img
          alt="genealogy-logo"
          className="dna-logo"
          src={[Function]}
        />
        <h1>
          Family tree
        </h1>
      </div>
      <div
        className="left-desktop-title-wrapper mb-4"
      >
        <h1>
          Sign up
        </h1>
      </div>
      <Formik
        initialValues={
          Object {
            "password": "",
            "username": "",
          }
        }
        onSubmit={[Function]}
        validationSchema={
          ObjectSchema {
            "_blacklist": RefSet {
              "list": Set {},
              "refs": Map {},
            },
            "_conditions": Array [],
            "_defaultDefault": [Function],
            "_deps": Array [],
            "_excludedEdges": Array [],
            "_exclusive": Object {},
            "_mutate": undefined,
            "_nodes": Array [
              "password",
              "username",
            ],
            "_options": Object {
              "abortEarly": true,
              "recursive": true,
            },
            "_type": "object",
            "_typeError": [Function],
            "_whitelist": RefSet {
              "list": Set {},
              "refs": Map {},
            },
            "fields": Object {
              "password": StringSchema {
                "_blacklist": RefSet {
                  "list": Set {},
                  "refs": Map {},
                },
                "_conditions": Array [],
                "_deps": Array [],
                "_exclusive": Object {
                  "matches": false,
                  "max": true,
                  "required": true,
                },
                "_mutate": undefined,
                "_options": Object {
                  "abortEarly": true,
                  "recursive": true,
                },
                "_type": "string",
                "_typeError": [Function],
                "_whitelist": RefSet {
                  "list": Set {},
                  "refs": Map {},
                },
                "tests": Array [
                  [Function],
                  [Function],
                  [Function],
                ],
                "transforms": Array [
                  [Function],
                ],
                "type": "string",
              },
              "username": StringSchema {
                "_blacklist": RefSet {
                  "list": Set {},
                  "refs": Map {},
                },
                "_conditions": Array [],
                "_deps": Array [],
                "_exclusive": Object {
                  "email": false,
                  "matches": false,
                  "max": true,
                  "required": true,
                },
                "_mutate": undefined,
                "_options": Object {
                  "abortEarly": true,
                  "recursive": true,
                },
                "_type": "string",
                "_typeError": [Function],
                "_whitelist": RefSet {
                  "list": Set {},
                  "refs": Map {},
                },
                "tests": Array [
                  [Function],
                  [Function],
                  [Function],
                  [Function],
                ],
                "transforms": Array [
                  [Function],
                ],
                "type": "string",
              },
            },
            "tests": Array [],
            "transforms": Array [
              [Function],
            ],
            "type": "object",
          }
        }
      >
        <Component />
      </Formik>
      <Button
        active={false}
        className="mt-2"
        disabled={false}
        onClick={[Function]}
        variant="link"
      >
        Sign in here !
      </Button>
    </Col>
    <Col
      className="right-desktop-title-wrapper"
      md={8}
    >
      <img
        alt=""
        className="right-desktop-logo"
        src={[Function]}
      />
      <h2>
        Welcome to Family Tree
      </h2>
      <h3>
        Start your journey now 
        <br />
         & build an amazing tree of life
      </h3>
    </Col>
  </Row>
</Container>
`;
