// Jest Snapshot v1, https://goo.gl/fbAQLP

exports[`PageTitle should render page title if pageTitle props exist and check if props is equal to Dashboard 1`] = `
<PageTitle
  pageTitle="Dashboard"
>
  <div
    className="title-wrapper"
  >
    <h1>
      Dashboard
    </h1>
  </div>
</PageTitle>
`;
